// Jest Snapshot v1, https://goo.gl/fbAQLP

exports[`Paragraph with all props 1`] = `
<div
  bundle="unique_type_1__unique_bundle_1"
  className="MyCustomMapperComponent"
  entity={
    Object {
      "__hn": Object {
        "entity": Object {
          "bundle": "unique_bundle_1",
          "type": "unique_type_1",
        },
      },
    }
  }
  index={15}
  page={
    Object {
      "pageTest": true,
    }
  }
  paragraph={
    Object {
      "__hn": Object {
        "entity": Object {
          "bundle": "unique_bundle_1",
          "type": "unique_type_1",
        },
      },
    }
  }
  testProp="testPropValue"
/>
`;

exports[`Paragraph with required props 1`] = `
<div
  bundle="unique_type_1__unique_bundle_1"
  className="MyCustomMapperComponent"
  entity={
    Object {
      "__hn": Object {
        "entity": Object {
          "bundle": "unique_bundle_1",
          "type": "unique_type_1",
        },
      },
    }
  }
  index={0}
  paragraph={
    Object {
      "__hn": Object {
        "entity": Object {
          "bundle": "unique_bundle_1",
          "type": "unique_type_1",
        },
      },
    }
  }
/>
`;
